[INFO] Scanning for projects...
[INFO] 
[INFO] -----------------------< com.authcore:unifolio >------------------------
[INFO] Building  0.0.1-SNAPSHOT
[INFO]   from pom.xml
[INFO] --------------------------------[ jar ]---------------------------------
[INFO] 
[INFO] --- resources:3.3.1:resources (default-resources) @ unifolio ---
[INFO] Copying 1 resource from src\main\resources to target\classes
[INFO] Copying 4 resources from src\main\resources to target\classes
[INFO] 
[INFO] --- compiler:3.14.1:compile (default-compile) @ unifolio ---
[INFO] Recompiling the module because of changed source code.
[INFO] Compiling 50 source files with javac [debug parameters release 17] to target\classes
[INFO] -------------------------------------------------------------
[ERROR] COMPILATION ERROR : 
[INFO] -------------------------------------------------------------
[ERROR] /C:/Users/Deeghayu Jayasundara/OneDrive/Desktop/UniFolio Apurva/UniFolio/src/main/java/com/authcore/unifolio/controller/TicketController.java:[4,36] cannot find symbol
  symbol:   class TicketComment
  location: package com.authcore.unifolio.entity
[ERROR] /C:/Users/Deeghayu Jayasundara/OneDrive/Desktop/UniFolio Apurva/UniFolio/src/main/java/com/authcore/unifolio/controller/TicketController.java:[8,34] cannot find symbol
  symbol:   class TicketCommentRepository
  location: package com.authcore.unifolio.repo
[ERROR] /C:/Users/Deeghayu Jayasundara/OneDrive/Desktop/UniFolio Apurva/UniFolio/src/main/java/com/authcore/unifolio/controller/TicketController.java:[10,33] cannot find symbol
  symbol:   class TicketDTO
  location: package com.authcore.unifolio.dto
[ERROR] /C:/Users/Deeghayu Jayasundara/OneDrive/Desktop/UniFolio Apurva/UniFolio/src/main/java/com/authcore/unifolio/controller/TicketController.java:[11,33] cannot find symbol
  symbol:   class CommentDTO
  location: package com.authcore.unifolio.dto
[ERROR] /C:/Users/Deeghayu Jayasundara/OneDrive/Desktop/UniFolio Apurva/UniFolio/src/main/java/com/authcore/unifolio/service/TicketService.java:[4,36] cannot find symbol
  symbol:   class TicketComment
  location: package com.authcore.unifolio.entity
[ERROR] /C:/Users/Deeghayu Jayasundara/OneDrive/Desktop/UniFolio Apurva/UniFolio/src/main/java/com/authcore/unifolio/service/TicketService.java:[8,34] cannot find symbol
  symbol:   class TicketCommentRepository
  location: package com.authcore.unifolio.repo
[ERROR] /C:/Users/Deeghayu Jayasundara/OneDrive/Desktop/UniFolio Apurva/UniFolio/src/main/java/com/authcore/unifolio/service/TicketService.java:[10,33] cannot find symbol
  symbol:   class TicketDTO
  location: package com.authcore.unifolio.dto
[ERROR] /C:/Users/Deeghayu Jayasundara/OneDrive/Desktop/UniFolio Apurva/UniFolio/src/main/java/com/authcore/unifolio/service/TicketService.java:[11,33] cannot find symbol
  symbol:   class CommentDTO
  location: package com.authcore.unifolio.dto
[ERROR] /C:/Users/Deeghayu Jayasundara/OneDrive/Desktop/UniFolio Apurva/UniFolio/src/main/java/com/authcore/unifolio/controller/TicketController.java:[79,33] cannot find symbol
  symbol:   class TicketDTO
  location: class com.authcore.unifolio.controller.TicketController
[ERROR] /C:/Users/Deeghayu Jayasundara/OneDrive/Desktop/UniFolio Apurva/UniFolio/src/main/java/com/authcore/unifolio/controller/TicketController.java:[90,33] cannot find symbol
  symbol:   class CommentDTO
  location: class com.authcore.unifolio.controller.TicketController
[ERROR] /C:/Users/Deeghayu Jayasundara/OneDrive/Desktop/UniFolio Apurva/UniFolio/src/main/java/com/authcore/unifolio/service/TicketService.java:[31,19] cannot find symbol
  symbol:   class TicketCommentRepository
  location: class com.authcore.unifolio.service.TicketService
[ERROR] /C:/Users/Deeghayu Jayasundara/OneDrive/Desktop/UniFolio Apurva/UniFolio/src/main/java/com/authcore/unifolio/service/TicketService.java:[38,32] cannot find symbol
  symbol:   class TicketDTO
  location: class com.authcore.unifolio.service.TicketService
[ERROR] /C:/Users/Deeghayu Jayasundara/OneDrive/Desktop/UniFolio Apurva/UniFolio/src/main/java/com/authcore/unifolio/service/TicketService.java:[52,45] cannot find symbol
  symbol:   class CommentDTO
  location: class com.authcore.unifolio.service.TicketService
[ERROR] /C:/Users/Deeghayu Jayasundara/OneDrive/Desktop/UniFolio Apurva/UniFolio/src/main/java/com/authcore/unifolio/service/TicketService.java:[26,1] cannot find symbol
  symbol:   class TicketCommentRepository
  location: class com.authcore.unifolio.service.TicketService
[ERROR] /C:/Users/Deeghayu Jayasundara/OneDrive/Desktop/UniFolio Apurva/UniFolio/src/main/java/com/authcore/unifolio/dto/TicketRequest.java:[15,19] cannot find symbol
  symbol:   class TicketCategory
  location: class com.authcore.unifolio.entity.Ticket
[ERROR] /C:/Users/Deeghayu Jayasundara/OneDrive/Desktop/UniFolio Apurva/UniFolio/src/main/java/com/authcore/unifolio/dto/TicketRequest.java:[15,35] cannot find symbol
  symbol:   class TicketCategory
  location: class com.authcore.unifolio.entity.Ticket
[ERROR] /C:/Users/Deeghayu Jayasundara/OneDrive/Desktop/UniFolio Apurva/UniFolio/src/main/java/com/authcore/unifolio/dto/TicketRequest.java:[8,1] cannot find symbol
  symbol:   class TicketCategory
  location: class com.authcore.unifolio.entity.Ticket
[ERROR] /C:/Users/Deeghayu Jayasundara/OneDrive/Desktop/UniFolio Apurva/UniFolio/src/main/java/com/authcore/unifolio/dto/TicketResponse.java:[16,19] cannot find symbol
  symbol:   class TicketCategory
  location: class com.authcore.unifolio.entity.Ticket
[ERROR] /C:/Users/Deeghayu Jayasundara/OneDrive/Desktop/UniFolio Apurva/UniFolio/src/main/java/com/authcore/unifolio/dto/TicketResponse.java:[16,35] cannot find symbol
  symbol:   class TicketCategory
  location: class com.authcore.unifolio.entity.Ticket
[ERROR] /C:/Users/Deeghayu Jayasundara/OneDrive/Desktop/UniFolio Apurva/UniFolio/src/main/java/com/authcore/unifolio/dto/TicketResponse.java:[8,1] cannot find symbol
  symbol:   class TicketCategory
  location: class com.authcore.unifolio.entity.Ticket
[INFO] 20 errors 
[INFO] -------------------------------------------------------------
[INFO] ------------------------------------------------------------------------
[INFO] BUILD FAILURE
[INFO] ------------------------------------------------------------------------
[INFO] Total time:  3.368 s
[INFO] Finished at: 2026-04-24T12:31:15+05:30
[INFO] ------------------------------------------------------------------------
[ERROR] Failed to execute goal org.apache.maven.plugins:maven-compiler-plugin:3.14.1:compile (default-compile) on project unifolio: Compilation failure: Compilation failure: 
[ERROR] /C:/Users/Deeghayu Jayasundara/OneDrive/Desktop/UniFolio Apurva/UniFolio/src/main/java/com/authcore/unifolio/controller/TicketController.java:[4,36] cannot find symbol
[ERROR]   symbol:   class TicketComment
[ERROR]   location: package com.authcore.unifolio.entity
[ERROR] /C:/Users/Deeghayu Jayasundara/OneDrive/Desktop/UniFolio Apurva/UniFolio/src/main/java/com/authcore/unifolio/controller/TicketController.java:[8,34] cannot find symbol
[ERROR]   symbol:   class TicketCommentRepository
[ERROR]   location: package com.authcore.unifolio.repo
[ERROR] /C:/Users/Deeghayu Jayasundara/OneDrive/Desktop/UniFolio Apurva/UniFolio/src/main/java/com/authcore/unifolio/controller/TicketController.java:[10,33] cannot find symbol
[ERROR]   symbol:   class TicketDTO
[ERROR]   location: package com.authcore.unifolio.dto
[ERROR] /C:/Users/Deeghayu Jayasundara/OneDrive/Desktop/UniFolio Apurva/UniFolio/src/main/java/com/authcore/unifolio/controller/TicketController.java:[11,33] cannot find symbol
[ERROR]   symbol:   class CommentDTO
[ERROR]   location: package com.authcore.unifolio.dto
[ERROR] /C:/Users/Deeghayu Jayasundara/OneDrive/Desktop/UniFolio Apurva/UniFolio/src/main/java/com/authcore/unifolio/service/TicketService.java:[4,36] cannot find symbol
[ERROR]   symbol:   class TicketComment
[ERROR]   location: package com.authcore.unifolio.entity
[ERROR] /C:/Users/Deeghayu Jayasundara/OneDrive/Desktop/UniFolio Apurva/UniFolio/src/main/java/com/authcore/unifolio/service/TicketService.java:[8,34] cannot find symbol
[ERROR]   symbol:   class TicketCommentRepository
[ERROR]   location: package com.authcore.unifolio.repo
[ERROR] /C:/Users/Deeghayu Jayasundara/OneDrive/Desktop/UniFolio Apurva/UniFolio/src/main/java/com/authcore/unifolio/service/TicketService.java:[10,33] cannot find symbol
[ERROR]   symbol:   class TicketDTO
[ERROR]   location: package com.authcore.unifolio.dto
[ERROR] /C:/Users/Deeghayu Jayasundara/OneDrive/Desktop/UniFolio Apurva/UniFolio/src/main/java/com/authcore/unifolio/service/TicketService.java:[11,33] cannot find symbol
[ERROR]   symbol:   class CommentDTO
[ERROR]   location: package com.authcore.unifolio.dto
[ERROR] /C:/Users/Deeghayu Jayasundara/OneDrive/Desktop/UniFolio Apurva/UniFolio/src/main/java/com/authcore/unifolio/controller/TicketController.java:[79,33] cannot find symbol
[ERROR]   symbol:   class TicketDTO
[ERROR]   location: class com.authcore.unifolio.controller.TicketController
[ERROR] /C:/Users/Deeghayu Jayasundara/OneDrive/Desktop/UniFolio Apurva/UniFolio/src/main/java/com/authcore/unifolio/controller/TicketController.java:[90,33] cannot find symbol
[ERROR]   symbol:   class CommentDTO
[ERROR]   location: class com.authcore.unifolio.controller.TicketController
[ERROR] /C:/Users/Deeghayu Jayasundara/OneDrive/Desktop/UniFolio Apurva/UniFolio/src/main/java/com/authcore/unifolio/service/TicketService.java:[31,19] cannot find symbol
[ERROR]   symbol:   class TicketCommentRepository
[ERROR]   location: class com.authcore.unifolio.service.TicketService
[ERROR] /C:/Users/Deeghayu Jayasundara/OneDrive/Desktop/UniFolio Apurva/UniFolio/src/main/java/com/authcore/unifolio/service/TicketService.java:[38,32] cannot find symbol
[ERROR]   symbol:   class TicketDTO
[ERROR]   location: class com.authcore.unifolio.service.TicketService
[ERROR] /C:/Users/Deeghayu Jayasundara/OneDrive/Desktop/UniFolio Apurva/UniFolio/src/main/java/com/authcore/unifolio/service/TicketService.java:[52,45] cannot find symbol
[ERROR]   symbol:   class CommentDTO
[ERROR]   location: class com.authcore.unifolio.service.TicketService
[ERROR] /C:/Users/Deeghayu Jayasundara/OneDrive/Desktop/UniFolio Apurva/UniFolio/src/main/java/com/authcore/unifolio/service/TicketService.java:[26,1] cannot find symbol
[ERROR]   symbol:   class TicketCommentRepository
[ERROR]   location: class com.authcore.unifolio.service.TicketService
[ERROR] /C:/Users/Deeghayu Jayasundara/OneDrive/Desktop/UniFolio Apurva/UniFolio/src/main/java/com/authcore/unifolio/dto/TicketRequest.java:[15,19] cannot find symbol
[ERROR]   symbol:   class TicketCategory
[ERROR]   location: class com.authcore.unifolio.entity.Ticket
[ERROR] /C:/Users/Deeghayu Jayasundara/OneDrive/Desktop/UniFolio Apurva/UniFolio/src/main/java/com/authcore/unifolio/dto/TicketRequest.java:[15,35] cannot find symbol
[ERROR]   symbol:   class TicketCategory
[ERROR]   location: class com.authcore.unifolio.entity.Ticket
[ERROR] /C:/Users/Deeghayu Jayasundara/OneDrive/Desktop/UniFolio Apurva/UniFolio/src/main/java/com/authcore/unifolio/dto/TicketRequest.java:[8,1] cannot find symbol
[ERROR]   symbol:   class TicketCategory
[ERROR]   location: class com.authcore.unifolio.entity.Ticket
[ERROR] /C:/Users/Deeghayu Jayasundara/OneDrive/Desktop/UniFolio Apurva/UniFolio/src/main/java/com/authcore/unifolio/dto/TicketResponse.java:[16,19] cannot find symbol
[ERROR]   symbol:   class TicketCategory
[ERROR]   location: class com.authcore.unifolio.entity.Ticket
[ERROR] /C:/Users/Deeghayu Jayasundara/OneDrive/Desktop/UniFolio Apurva/UniFolio/src/main/java/com/authcore/unifolio/dto/TicketResponse.java:[16,35] cannot find symbol
[ERROR]   symbol:   class TicketCategory
[ERROR]   location: class com.authcore.unifolio.entity.Ticket
[ERROR] /C:/Users/Deeghayu Jayasundara/OneDrive/Desktop/UniFolio Apurva/UniFolio/src/main/java/com/authcore/unifolio/dto/TicketResponse.java:[8,1] cannot find symbol
[ERROR]   symbol:   class TicketCategory
[ERROR]   location: class com.authcore.unifolio.entity.Ticket
[ERROR] -> [Help 1]
[ERROR] 
[ERROR] To see the full stack trace of the errors, re-run Maven with the -e switch.
[ERROR] Re-run Maven using the -X switch to enable full debug logging.
[ERROR] 
[ERROR] For more information about the errors and possible solutions, please read the following articles:
[ERROR] [Help 1] http://cwiki.apache.org/confluence/display/MAVEN/MojoFailureException
